{"Protocol":0,"Id":"74abc491334f8f498992ad3146dc04ad","Path":"/data/tvshows/Game Changer (2019)/Season 8/Game Changer - S08E09 - I Spy.mkv","EncoderPath":null,"EncoderProtocol":null,"Type":0,"Container":"mkv","Size":2032161664,"Name":"Game Changer - S08E09 - I Spy","IsRemote":false,"ETag":"674dd28289554bada74aaef5ec19fb2b","RunTimeTicks":32101330000,"ReadAtNativeFramerate":false,"IgnoreDts":false,"IgnoreIndex":false,"GenPtsInput":false,"SupportsTranscoding":true,"SupportsDirectStream":true,"SupportsDirectPlay":true,"IsInfiniteStream":false,"UseMostCompatibleTranscodingProfile":false,"RequiresOpening":false,"OpenToken":null,"RequiresClosing":false,"LiveStreamId":null,"BufferMs":null,"RequiresLooping":false,"SupportsProbing":true,"VideoType":0,"IsoType":null,"Video3DFormat":null,"MediaStreams":[{"Codec":"h264","CodecTag":null,"Language":"eng","ColorRange":null,"ColorSpace":"bt709","ColorTransfer":"bt709","ColorPrimaries":"bt709","DvVersionMajor":null,"DvVersionMinor":null,"DvProfile":null,"DvLevel":null,"RpuPresentFlag":null,"ElPresentFlag":null,"BlPresentFlag":null,"DvBlSignalCompatibilityId":null,"Rotation":null,"Comment":null,"TimeBase":"1/1000","CodecTimeBase":null,"Title":null,"Hdr10PlusPresentFlag":null,"VideoRange":1,"VideoRangeType":1,"VideoDoViTitle":null,"AudioSpatialFormat":0,"LocalizedUndefined":null,"LocalizedDefault":null,"LocalizedForced":null,"LocalizedExternal":null,"LocalizedHearingImpaired":null,"LocalizedLanguage":null,"LocalizedOriginal":null,"DisplayTitle":"1080p H264 SDR","NalLengthSize":"4","IsInterlaced":false,"IsAVC":true,"ChannelLayout":null,"BitRate":4872060,"BitDepth":8,"RefFrames":1,"PacketLength":null,"Channels":null,"SampleRate":null,"IsDefault":true,"IsForced":false,"IsHearingImpaired":false,"IsOriginal":false,"Height":1080,"Width":1920,"AverageFrameRate":23.976025,"RealFrameRate":23.976025,"ReferenceFrameRate":23.976025,"Profile":"High","Type":1,"AspectRatio":"16:9","Index":0,"Score":null,"IsExternal":false,"DeliveryMethod":null,"DeliveryUrl":null,"IsExternalUrl":null,"IsTextSubtitleStream":false,"SupportsExternalStream":false,"Path":null,"PixelFormat":"yuv420p","Level":42,"IsAnamorphic":false},{"Codec":"aac","CodecTag":null,"Language":"eng","ColorRange":null,"ColorSpace":null,"ColorTransfer":null,"ColorPrimaries":null,"DvVersionMajor":null,"DvVersionMinor":null,"DvProfile":null,"DvLevel":null,"RpuPresentFlag":null,"ElPresentFlag":null,"BlPresentFlag":null,"DvBlSignalCompatibilityId":null,"Rotation":null,"Comment":null,"TimeBase":"1/1000","CodecTimeBase":null,"Title":"Vimeo Isopod Audio Handler","Hdr10PlusPresentFlag":null,"VideoRange":0,"VideoRangeType":0,"VideoDoViTitle":null,"AudioSpatialFormat":0,"LocalizedUndefined":null,"LocalizedDefault":"Default","LocalizedForced":null,"LocalizedExternal":"External","LocalizedHearingImpaired":null,"LocalizedLanguage":"English","LocalizedOriginal":"Original","DisplayTitle":"Vimeo Isopod Audio Handler - English - AAC - Stereo - Default","NalLengthSize":null,"IsInterlaced":false,"IsAVC":null,"ChannelLayout":"stereo","BitRate":189375,"BitDepth":null,"RefFrames":null,"PacketLength":null,"Channels":2,"SampleRate":48000,"IsDefault":true,"IsForced":false,"IsHearingImpaired":false,"IsOriginal":false,"Height":null,"Width":null,"AverageFrameRate":null,"RealFrameRate":null,"ReferenceFrameRate":null,"Profile":"LC","Type":0,"AspectRatio":null,"Index":1,"Score":null,"IsExternal":false,"DeliveryMethod":null,"DeliveryUrl":null,"IsExternalUrl":null,"IsTextSubtitleStream":false,"SupportsExternalStream":false,"Path":null,"PixelFormat":null,"Level":null,"IsAnamorphic":null},{"Codec":"subrip","CodecTag":null,"Language":"eng","ColorRange":null,"ColorSpace":null,"ColorTransfer":null,"ColorPrimaries":null,"DvVersionMajor":null,"DvVersionMinor":null,"DvProfile":null,"DvLevel":null,"RpuPresentFlag":null,"ElPresentFlag":null,"BlPresentFlag":null,"DvBlSignalCompatibilityId":null,"Rotation":null,"Comment":null,"TimeBase":"1/1000","CodecTimeBase":null,"Title":null,"Hdr10PlusPresentFlag":null,"VideoRange":0,"VideoRangeType":0,"VideoDoViTitle":null,"AudioSpatialFormat":0,"LocalizedUndefined":"Undefined","LocalizedDefault":"Default","LocalizedForced":"Forced","LocalizedExternal":"External","LocalizedHearingImpaired":"Hearing Impaired","LocalizedLanguage":"English","LocalizedOriginal":null,"DisplayTitle":"English - SUBRIP","NalLengthSize":null,"IsInterlaced":false,"IsAVC":null,"ChannelLayout":null,"BitRate":null,"BitDepth":null,"RefFrames":null,"PacketLength":null,"Channels":null,"SampleRate":null,"IsDefault":false,"IsForced":false,"IsHearingImpaired":false,"IsOriginal":false,"Height":null,"Width":null,"AverageFrameRate":null,"RealFrameRate":null,"ReferenceFrameRate":null,"Profile":null,"Type":2,"AspectRatio":null,"Index":2,"Score":null,"IsExternal":false,"DeliveryMethod":null,"DeliveryUrl":null,"IsExternalUrl":null,"IsTextSubtitleStream":true,"SupportsExternalStream":true,"Path":null,"PixelFormat":null,"Level":null,"IsAnamorphic":null},{"Codec":"subrip","CodecTag":null,"Language":"eng","ColorRange":null,"ColorSpace":null,"ColorTransfer":null,"ColorPrimaries":null,"DvVersionMajor":null,"DvVersionMinor":null,"DvProfile":null,"DvLevel":null,"RpuPresentFlag":null,"ElPresentFlag":null,"BlPresentFlag":null,"DvBlSignalCompatibilityId":null,"Rotation":null,"Comment":null,"TimeBase":"1/1000","CodecTimeBase":null,"Title":"SDH","Hdr10PlusPresentFlag":null,"VideoRange":0,"VideoRangeType":0,"VideoDoViTitle":null,"AudioSpatialFormat":0,"LocalizedUndefined":"Undefined","LocalizedDefault":"Default","LocalizedForced":"Forced","LocalizedExternal":"External","LocalizedHearingImpaired":"Hearing Impaired","LocalizedLanguage":"English","LocalizedOriginal":null,"DisplayTitle":"SDH - English - SUBRIP","NalLengthSize":null,"IsInterlaced":false,"IsAVC":null,"ChannelLayout":null,"BitRate":null,"BitDepth":null,"RefFrames":null,"PacketLength":null,"Channels":null,"SampleRate":null,"IsDefault":false,"IsForced":false,"IsHearingImpaired":false,"IsOriginal":false,"Height":null,"Width":null,"AverageFrameRate":null,"RealFrameRate":null,"ReferenceFrameRate":null,"Profile":null,"Type":2,"AspectRatio":null,"Index":3,"Score":null,"IsExternal":false,"DeliveryMethod":null,"DeliveryUrl":null,"IsExternalUrl":null,"IsTextSubtitleStream":true,"SupportsExternalStream":true,"Path":null,"PixelFormat":null,"Level":null,"IsAnamorphic":null}],"MediaAttachments":[],"Formats":[],"Bitrate":5064367,"FallbackMaxStreamingBitrate":null,"Timestamp":null,"RequiredHttpHeaders":{},"TranscodingUrl":null,"TranscodingSubProtocol":0,"TranscodingContainer":null,"AnalyzeDurationMs":null,"DefaultAudioStreamIndex":null,"DefaultSubtitleStreamIndex":null,"HasSegments":false}

/usr/lib/jellyfin-ffmpeg/ffmpeg -analyzeduration 200M -probesize 1G  -i file:"/data/tvshows/Game Changer (2019)/Season 8/Game Changer - S08E09 - I Spy.mkv" -map_metadata -1 -map_chapters -1 -threads 0 -map 0:0 -map 0:1 -map -0:s -codec:v:0 libx264 -preset veryfast -crf 23 -maxrate 4022982 -bufsize 8045964 -profile:v:0 high -level 42 -x264opts:0 subme=0:me_range=16:rc_lookahead=10:me=hex:open_gop=0 -force_key_frames:0 "expr:gte(t,n_forced*3)" -sc_threshold:v:0 0 -vf "setparams=color_primaries=bt709:color_trc=bt709:colorspace=bt709,scale=trunc(min(max(iw\,ih*a)\,1280)/2)*2:trunc(ow/a/2)*2,format=yuv420p" -codec:a:0 copy -copyts -avoid_negative_ts disabled -max_muxing_queue_size 2048 -f hls -max_delay 5000000 -hls_time 3 -hls_segment_type fmp4 -hls_fmp4_init_filename "7fdc8358df76e07fd9f6b399aa3d8c18-1.mp4" -start_number 0 -hls_segment_filename "/config/cache/transcodes/7fdc8358df76e07fd9f6b399aa3d8c18%d.mp4" -hls_playlist_type vod -hls_list_size 0 -hls_segment_options movflags=+frag_discont+skip_sidx -y "/config/cache/transcodes/7fdc8358df76e07fd9f6b399aa3d8c18.m3u8"


ffmpeg version 8.1.2-Jellyfin Copyright (c) 2000-2026 the FFmpeg developers
  built with gcc 15 (Ubuntu 15.2.0-16ubuntu1)
  configuration: --prefix=/usr/lib/jellyfin-ffmpeg --target-os=linux --extra-version=Jellyfin --disable-unstable --disable-doc --disable-ffplay --disable-static --disable-libxcb --disable-libxcb-shm --disable-libxcb-xfixes --disable-libxcb-shape --disable-xlib --disable-sdl2 --enable-lto=auto --enable-gpl --enable-version3 --enable-shared --enable-gmp --enable-gnutls --enable-chromaprint --enable-opencl --enable-libdrm --enable-libxml2 --enable-libass --enable-libfreetype --enable-libfribidi --enable-libfontconfig --enable-libharfbuzz --enable-libbluray --enable-libmp3lame --enable-libopus --enable-libtheora --enable-libvorbis --enable-libopenmpt --enable-libdav1d --enable-libsvtav1 --enable-libwebp --enable-libvpx --enable-libx264 --enable-libx265 --enable-libzvbi --enable-libzimg --enable-libfdk-aac --enable-libshaderc --enable-libplacebo --enable-vulkan --enable-vulkan-static --enable-vaapi --enable-ffnvcodec --enable-cuda --enable-cuda-llvm --enable-cuvid --enable-nvdec --enable-nvenc --arch=amd64 --enable-libvpl --enable-amf
  libavutil      60. 26.102 / 60. 26.102
  libavcodec     62. 28.102 / 62. 28.102
  libavformat    62. 12.102 / 62. 12.102
  libavdevice    62.  3.102 / 62.  3.102
  libavfilter    11. 14.102 / 11. 14.102
  libswscale      9.  5.102 /  9.  5.102
  libswresample   6.  3.102 /  6.  3.102
Input #0, matroska,webm, from 'file:/data/tvshows/Game Changer (2019)/Season 8/Game Changer - S08E09 - I Spy.mkv':
  Metadata:
    MINOR_VERSION   : 0
    creation_time   : 2026-09-07T23:04:43.000000Z
    COMPATIBLE_BRANDS: dashmp42iso6avc1
    MAJOR_BRAND     : dash
    ENCODER         : Lavf61.7.100
  Duration: 00:53:30.13, start: 0.000000, bitrate: 5064 kb/s
  Stream #0:0(eng): Video: h264 (High), yuv420p(tv, bt709, progressive), 1920x1080, SAR 1:1 DAR 16:9, 23.98 fps, 23.98 tbr, 1k tbn, start 0.043000 (default)
    Metadata:
      HANDLER_NAME    : Vimeo Isopod Video Handler
      VENDOR_ID       : [0][0][0][0]
      ENCODER         : AVC Coding
      BPS             : 4872060
      DURATION        : 00:53:30.082000000
      NUMBER_OF_FRAMES: 76965
      NUMBER_OF_BYTES : 1954964410
      _STATISTICS_WRITING_APP: mkvmerge v94.0 ('Initiate') 64-bit
      _STATISTICS_WRITING_DATE_UTC: 2026-09-07 23:04:43
      _STATISTICS_TAGS: BPS DURATION NUMBER_OF_FRAMES NUMBER_OF_BYTES
  Stream #0:1(eng): Audio: aac (LC), 48000 Hz, stereo, fltp (default)
    Metadata:
      HANDLER_NAME    : Vimeo Isopod Audio Handler
      VENDOR_ID       : [0][0][0][0]
      BPS             : 189375
      DURATION        : 00:53:30.133000000
      NUMBER_OF_FRAMES: 150475
      NUMBER_OF_BYTES : 75989876
      _STATISTICS_WRITING_APP: mkvmerge v94.0 ('Initiate') 64-bit
      _STATISTICS_WRITING_DATE_UTC: 2026-09-07 23:04:43
      _STATISTICS_TAGS: BPS DURATION NUMBER_OF_FRAMES NUMBER_OF_BYTES
  Stream #0:2(eng): Subtitle: subrip (srt)
    Metadata:
      BPS             : 140
      DURATION        : 00:52:59.224000000
      NUMBER_OF_FRAMES: 1713
      NUMBER_OF_BYTES : 55770
      _STATISTICS_WRITING_APP: mkvmerge v94.0 ('Initiate') 64-bit
      _STATISTICS_WRITING_DATE_UTC: 2026-09-07 23:04:43
      _STATISTICS_TAGS: BPS DURATION NUMBER_OF_FRAMES NUMBER_OF_BYTES
  Stream #0:3(eng): Subtitle: subrip (srt)
    Metadata:
      title           : SDH
      BPS             : 149
      DURATION        : 00:53:19.809000000
      NUMBER_OF_FRAMES: 1764
      NUMBER_OF_BYTES : 59639
      _STATISTICS_WRITING_APP: mkvmerge v94.0 ('Initiate') 64-bit
      _STATISTICS_WRITING_DATE_UTC: 2026-09-07 23:04:43
      _STATISTICS_TAGS: BPS DURATION NUMBER_OF_FRAMES NUMBER_OF_BYTES
Stream mapping:
  Stream #0:0 -> #0:0 (h264 (native) -> h264 (libx264))
  Stream #0:1 -> #0:1 (copy)
Press [q] to stop, [?] for help
[libx264 @ 0x621afbf1efc0] using SAR=1/1
[libx264 @ 0x621afbf1efc0] using cpu capabilities: MMX2 SSE2Fast SSSE3 SSE4.2 AVX FMA3 BMI2 AVX2
[libx264 @ 0x621afbf1efc0] profile High, level 4.2, 4:2:0, 8-bit
[libx264 @ 0x621afbf1efc0] 264 - core 165 - H.264/MPEG-4 AVC codec - Copyleft 2003-2025 - http://www.videolan.org/x264.html - options: cabac=1 ref=1 deblock=1:0:0 analyse=0x3:0x113 me=hex subme=0 psy=1 psy_rd=1.00:0.00 mixed_ref=0 me_range=16 chroma_me=1 trellis=0 8x8dct=1 cqm=0 deadzone=21,11 fast_pskip=1 chroma_qp_offset=0 threads=6 lookahead_threads=1 sliced_threads=0 nr=0 decimate=1 interlaced=0 bluray_compat=0 constrained_intra=0 bframes=3 b_pyramid=2 b_adapt=1 b_bias=0 direct=1 weightb=1 open_gop=0 weightp=1 keyint=250 keyint_min=23 scenecut=0 intra_refresh=0 rc_lookahead=10 rc=crf mbtree=1 crf=23.0 qcomp=0.60 qpmin=0 qpmax=69 qpstep=4 vbv_maxrate=4022 vbv_bufsize=8045 crf_max=0.0 nal_hrd=none filler=0 ip_ratio=1.40 aq=1:1.00
[hls @ 0x621afbefdb40] Opening '/config/cache/transcodes/7fdc8358df76e07fd9f6b399aa3d8c18-1.mp4' for writing
Output #0, hls, to '/config/cache/transcodes/7fdc8358df76e07fd9f6b399aa3d8c18.m3u8':
  Metadata:
    encoder         : Lavf62.12.102
  Stream #0:0: Video: h264, yuv420p(tv, bt709, progressive), 1280x720 [SAR 1:1 DAR 16:9], q=2-31, 23.98 fps, 24k tbn (default)
    Metadata:
      encoder         : Lavc62.28.102 libx264
    Side data:
      CPB properties: bitrate max/min/avg: 4022000/0/0 buffer size: 8045000 vbv_delay: N/A
  Stream #0:1: Audio: aac (LC), 48000 Hz, stereo, fltp (default)
frame=   40 fps=0.0 q=28.0 size=N/A time=00:00:00.00 bitrate=N/A speed=   0x elapsed=0:00:00.50    
[hls @ 0x621afbefdb40] Opening '/config/cache/transcodes/7fdc8358df76e07fd9f6b399aa3d8c180.mp4' for writing
frame=  114 fps=113 q=28.0 size=N/A time=00:00:03.08 bitrate=N/A speed=3.07x elapsed=0:00:01.00    
[hls @ 0x621afbefdb40] Opening '/config/cache/transcodes/7fdc8358df76e07fd9f6b399aa3d8c181.mp4' for writing
frame=  189 fps=125 q=28.0 size=N/A time=00:00:06.21 bitrate=N/A speed=4.12x elapsed=0:00:01.50    
[hls @ 0x621afbefdb40] Opening '/config/cache/transcodes/7fdc8358df76e07fd9f6b399aa3d8c182.mp4' for writing
frame=  264 fps=132 q=28.0 size=N/A time=00:00:09.34 bitrate=N/A speed=4.65x elapsed=0:00:02.00    
[hls @ 0x621afbefdb40] Opening '/config/cache/transcodes/7fdc8358df76e07fd9f6b399aa3d8c183.mp4' for writing
frame=  346 fps=138 q=28.0 size=N/A time=00:00:12.76 bitrate=N/A speed=5.09x elapsed=0:00:02.50    
[hls @ 0x621afbefdb40] Opening '/config/cache/transcodes/7fdc8358df76e07fd9f6b399aa3d8c184.mp4' for writing
[mp4 @ 0x7e0be03b67c0] Packet duration: -32 / dts: 718840 in stream 1 is out of range
[mp4 @ 0x7e0be03b67c0] pts has no value
frame=  432 fps=144 q=28.0 size=N/A time=00:00:16.34 bitrate=N/A speed=5.43x elapsed=0:00:03.01    
[hls @ 0x621afbefdb40] Opening '/config/cache/transcodes/7fdc8358df76e07fd9f6b399aa3d8c185.mp4' for writing
[hls @ 0x621afbefdb40] Opening '/config/cache/transcodes/7fdc8358df76e07fd9f6b399aa3d8c186.mp4' for writing
frame=  506 fps=144 q=28.0 size=N/A time=00:00:19.43 bitrate=N/A speed=5.53x elapsed=0:00:03.51    
[hls @ 0x621afbefdb40] Opening '/config/cache/transcodes/7fdc8358df76e07fd9f6b399aa3d8c187.mp4' for writing
[mp4 @ 0x7e0be03b67c0] Packet duration: -32 / dts: 1151992 in stream 1 is out of range
[mp4 @ 0x7e0be03b67c0] pts has no value
frame=  583 fps=145 q=28.0 size=N/A time=00:00:22.64 bitrate=N/A speed=5.64x elapsed=0:00:04.01    
[hls @ 0x621afbefdb40] Opening '/config/cache/transcodes/7fdc8358df76e07fd9f6b399aa3d8c188.mp4' for writing
[mp4 @ 0x7e0be03b67c0] Packet duration: -32 / dts: 1295368 in stream 1 is out of range
[mp4 @ 0x7e0be03b67c0] pts has no value
frame=  671 fps=149 q=28.0 size=N/A time=00:00:26.31 bitrate=N/A speed=5.83x elapsed=0:00:04.51    
[hls @ 0x621afbefdb40] Opening '/config/cache/transcodes/7fdc8358df76e07fd9f6b399aa3d8c189.mp4' for writing
frame=  746 fps=149 q=28.0 size=N/A time=00:00:29.44 bitrate=N/A speed=5.87x elapsed=0:00:05.01    
[hls @ 0x621afbefdb40] Opening '/config/cache/transcodes/7fdc8358df76e07fd9f6b399aa3d8c1810.mp4' for writing
frame=  836 fps=152 q=28.0 size=N/A time=00:00:33.19 bitrate=N/A speed=6.02x elapsed=0:00:05.51    
[hls @ 0x621afbefdb40] Opening '/config/cache/transcodes/7fdc8358df76e07fd9f6b399aa3d8c1811.mp4' for writing
[hls @ 0x621afbefdb40] Opening '/config/cache/transcodes/7fdc8358df76e07fd9f6b399aa3d8c1812.mp4' for writing
frame=  940 fps=156 q=28.0 size=N/A time=00:00:37.53 bitrate=N/A speed=6.23x elapsed=0:00:06.02    
[hls @ 0x621afbefdb40] Opening '/config/cache/transcodes/7fdc8358df76e07fd9f6b399aa3d8c1813.mp4' for writing
frame= 1055 fps=162 q=28.0 size=N/A time=00:00:42.33 bitrate=N/A speed=6.49x elapsed=0:00:06.52    
[hls @ 0x621afbefdb40] Opening '/config/cache/transcodes/7fdc8358df76e07fd9f6b399aa3d8c1814.mp4' for writing
[hls @ 0x621afbefdb40] Opening '/config/cache/transcodes/7fdc8358df76e07fd9f6b399aa3d8c1815.mp4' for writing
frame= 1160 fps=165 q=28.0 size=N/A time=00:00:46.71 bitrate=N/A speed=6.65x elapsed=0:00:07.02    
[hls @ 0x621afbefdb40] Opening '/config/cache/transcodes/7fdc8358df76e07fd9f6b399aa3d8c1816.mp4' for writing
[mp4 @ 0x7e0be03b67c0] Packet duration: -32 / dts: 2447368 in stream 1 is out of range
[mp4 @ 0x7e0be03b67c0] pts has no value
frame= 1261 fps=168 q=28.0 size=N/A time=00:00:50.96 bitrate=N/A speed=6.77x elapsed=0:00:07.52    
[hls @ 0x621afbefdb40] Opening '/config/cache/transcodes/7fdc8358df76e07fd9f6b399aa3d8c1817.mp4' for writing
frame= 1363 fps=170 q=25.0 size=N/A time=00:00:55.18 bitrate=N/A speed=6.88x elapsed=0:00:08.02    
[hls @ 0x621afbefdb40] Opening '/config/cache/transcodes/7fdc8358df76e07fd9f6b399aa3d8c1818.mp4' for writing
[hls @ 0x621afbefdb40] Opening '/config/cache/transcodes/7fdc8358df76e07fd9f6b399aa3d8c1819.mp4' for writing
frame= 1475 fps=173 q=28.0 size=N/A time=00:00:59.85 bitrate=N/A speed=7.02x elapsed=0:00:08.52    
[hls @ 0x621afbefdb40] Opening '/config/cache/transcodes/7fdc8358df76e07fd9f6b399aa3d8c1820.mp4' for writing
frame= 1581 fps=175 q=28.0 size=N/A time=00:01:04.27 bitrate=N/A speed=7.12x elapsed=0:00:09.03    
[hls @ 0x621afbefdb40] Opening '/config/cache/transcodes/7fdc8358df76e07fd9f6b399aa3d8c1821.mp4' for writing
[hls @ 0x621afbefdb40] Opening '/config/cache/transcodes/7fdc8358df76e07fd9f6b399aa3d8c1822.mp4' for writing
frame= 1686 fps=177 q=28.0 size=N/A time=00:01:08.65 bitrate=N/A speed= 7.2x elapsed=0:00:09.53    
[hls @ 0x621afbefdb40] Opening '/config/cache/transcodes/7fdc8358df76e07fd9f6b399aa3d8c1823.mp4' for writing
frame= 1790 fps=178 q=28.0 size=N/A time=00:01:12.98 bitrate=N/A speed=7.28x elapsed=0:00:10.03    
[hls @ 0x621afbefdb40] Opening '/config/cache/transcodes/7fdc8358df76e07fd9f6b399aa3d8c1824.mp4' for writing
[hls @ 0x621afbefdb40] Opening '/config/cache/transcodes/7fdc8358df76e07fd9f6b399aa3d8c1825.mp4' for writing
frame= 1890 fps=179 q=28.0 size=N/A time=00:01:17.16 bitrate=N/A speed=7.33x elapsed=0:00:10.53    
[hls @ 0x621afbefdb40] Opening '/config/cache/transcodes/7fdc8358df76e07fd9f6b399aa3d8c1826.mp4' for writing


[q] command received. Exiting.

[hls @ 0x621afbefdb40] Opening '/config/cache/transcodes/7fdc8358df76e07fd9f6b399aa3d8c1827.mp4' for writing
[hls @ 0x621afbefdb40] Opening '/config/cache/transcodes/7fdc8358df76e07fd9f6b399aa3d8c1828.mp4' for writing
[out#0/hls @ 0x621afbf1b9c0] video:13954KiB audio:1948KiB subtitle:0KiB other streams:0KiB global headers:0KiB muxing overhead: unknown
frame= 2020 fps=181 q=-1.0 Lsize=N/A time=00:01:22.58 bitrate=N/A dup=2 drop=0 speed=7.39x elapsed=0:00:11.17    
[libx264 @ 0x621afbf1efc0] frame I:29    Avg QP:18.25  size: 53910
[libx264 @ 0x621afbf1efc0] frame P:645   Avg QP:21.48  size: 13643
[libx264 @ 0x621afbf1efc0] frame B:1346  Avg QP:23.84  size:  2916
[libx264 @ 0x621afbf1efc0] consecutive B-frames:  7.3%  9.9%  5.2% 77.6%
[libx264 @ 0x621afbf1efc0] mb I  I16..4: 36.3% 36.5% 27.2%
[libx264 @ 0x621afbf1efc0] mb P  I16..4: 15.0% 11.4%  3.0%  P16..4: 14.5%  4.7%  2.3%  0.0%  0.0%    skip:49.1%
[libx264 @ 0x621afbf1efc0] mb B  I16..4:  1.6%  1.1%  0.1%  B16..8:  7.6%  2.8%  0.3%  direct: 5.1%  skip:81.3%  L0:39.2% L1:44.8% BI:16.0%
[libx264 @ 0x621afbf1efc0] 8x8 transform intra:38.3% inter:24.5%
[libx264 @ 0x621afbf1efc0] coded y,uvDC,uvAC intra: 33.1% 45.2% 24.3% inter: 3.9% 7.8% 1.0%
[libx264 @ 0x621afbf1efc0] i16 v,h,dc,p: 54% 27% 14%  5%
[libx264 @ 0x621afbf1efc0] i8 v,h,dc,ddl,ddr,vr,hd,vl,hu: 27% 14% 25%  6%  5%  7%  5%  6%  5%
[libx264 @ 0x621afbf1efc0] i4 v,h,dc,ddl,ddr,vr,hd,vl,hu: 33% 20% 12%  7%  5%  6%  6%  6%  6%
[libx264 @ 0x621afbf1efc0] i8c dc,h,v,p: 40% 24% 31%  5%
[libx264 @ 0x621afbf1efc0] Weighted P-Frames: Y:0.3% UV:0.2%
[libx264 @ 0x621afbf1efc0] kb/s:1356.71