{"Protocol":0,"Id":"b0d91aa601079056c3e734a4b6630d41","Path":"/data/movies/Nirvanna the Band the Show the Movie (2026)/Nirvanna the Band the Show the Movie (2026).mkv","EncoderPath":null,"EncoderProtocol":null,"Type":0,"Container":"mkv","Size":4800519220,"Name":"Nirvanna the Band the Show the Movie (2026)","IsRemote":false,"ETag":"2c74ceecd525bbf1870c6d581122c76f","RunTimeTicks":60161070000,"ReadAtNativeFramerate":false,"IgnoreDts":false,"IgnoreIndex":false,"GenPtsInput":false,"SupportsTranscoding":true,"SupportsDirectStream":true,"SupportsDirectPlay":true,"IsInfiniteStream":false,"UseMostCompatibleTranscodingProfile":false,"RequiresOpening":false,"OpenToken":null,"RequiresClosing":false,"LiveStreamId":null,"BufferMs":null,"RequiresLooping":false,"SupportsProbing":true,"VideoType":0,"IsoType":null,"Video3DFormat":null,"MediaStreams":[{"Codec":"hevc","CodecTag":null,"Language":null,"ColorRange":null,"ColorSpace":null,"ColorTransfer":null,"ColorPrimaries":null,"DvVersionMajor":null,"DvVersionMinor":null,"DvProfile":null,"DvLevel":null,"RpuPresentFlag":null,"ElPresentFlag":null,"BlPresentFlag":null,"DvBlSignalCompatibilityId":null,"Rotation":null,"Comment":null,"TimeBase":"1/1000","CodecTimeBase":null,"Title":null,"Hdr10PlusPresentFlag":null,"VideoRange":1,"VideoRangeType":1,"VideoDoViTitle":null,"AudioSpatialFormat":0,"LocalizedUndefined":null,"LocalizedDefault":null,"LocalizedForced":null,"LocalizedExternal":null,"LocalizedHearingImpaired":null,"LocalizedLanguage":null,"LocalizedOriginal":null,"DisplayTitle":"4K HEVC SDR","NalLengthSize":null,"IsInterlaced":false,"IsAVC":null,"ChannelLayout":null,"BitRate":6063555,"BitDepth":10,"RefFrames":1,"PacketLength":null,"Channels":null,"SampleRate":null,"IsDefault":true,"IsForced":false,"IsHearingImpaired":false,"IsOriginal":false,"Height":2160,"Width":3840,"AverageFrameRate":23.976025,"RealFrameRate":23.976025,"ReferenceFrameRate":23.976025,"Profile":"Main 10","Type":1,"AspectRatio":"16:9","Index":0,"Score":null,"IsExternal":false,"DeliveryMethod":null,"DeliveryUrl":null,"IsExternalUrl":null,"IsTextSubtitleStream":false,"SupportsExternalStream":false,"Path":null,"PixelFormat":"yuv420p10le","Level":150,"IsAnamorphic":false},{"Codec":"aac","CodecTag":null,"Language":null,"ColorRange":null,"ColorSpace":null,"ColorTransfer":null,"ColorPrimaries":null,"DvVersionMajor":null,"DvVersionMinor":null,"DvProfile":null,"DvLevel":null,"RpuPresentFlag":null,"ElPresentFlag":null,"BlPresentFlag":null,"DvBlSignalCompatibilityId":null,"Rotation":null,"Comment":null,"TimeBase":"1/1000","CodecTimeBase":null,"Title":null,"Hdr10PlusPresentFlag":null,"VideoRange":0,"VideoRangeType":0,"VideoDoViTitle":null,"AudioSpatialFormat":0,"LocalizedUndefined":null,"LocalizedDefault":"Default","LocalizedForced":null,"LocalizedExternal":"External","LocalizedHearingImpaired":null,"LocalizedLanguage":null,"LocalizedOriginal":"Original","DisplayTitle":"AAC - 5.1 - Default","NalLengthSize":null,"IsInterlaced":false,"IsAVC":null,"ChannelLayout":"5.1","BitRate":320000,"BitDepth":null,"RefFrames":null,"PacketLength":null,"Channels":6,"SampleRate":48000,"IsDefault":true,"IsForced":false,"IsHearingImpaired":false,"IsOriginal":false,"Height":null,"Width":null,"AverageFrameRate":null,"RealFrameRate":null,"ReferenceFrameRate":null,"Profile":"LC","Type":0,"AspectRatio":null,"Index":1,"Score":null,"IsExternal":false,"DeliveryMethod":null,"DeliveryUrl":null,"IsExternalUrl":null,"IsTextSubtitleStream":false,"SupportsExternalStream":false,"Path":null,"PixelFormat":null,"Level":null,"IsAnamorphic":null},{"Codec":"subrip","CodecTag":null,"Language":"eng","ColorRange":null,"ColorSpace":null,"ColorTransfer":null,"ColorPrimaries":null,"DvVersionMajor":null,"DvVersionMinor":null,"DvProfile":null,"DvLevel":null,"RpuPresentFlag":null,"ElPresentFlag":null,"BlPresentFlag":null,"DvBlSignalCompatibilityId":null,"Rotation":null,"Comment":null,"TimeBase":"1/1000","CodecTimeBase":null,"Title":"English","Hdr10PlusPresentFlag":null,"VideoRange":0,"VideoRangeType":0,"VideoDoViTitle":null,"AudioSpatialFormat":0,"LocalizedUndefined":"Undefined","LocalizedDefault":"Default","LocalizedForced":"Forced","LocalizedExternal":"External","LocalizedHearingImpaired":"Hearing Impaired","LocalizedLanguage":"English","LocalizedOriginal":null,"DisplayTitle":"English - Default - SUBRIP","NalLengthSize":null,"IsInterlaced":false,"IsAVC":null,"ChannelLayout":null,"BitRate":null,"BitDepth":null,"RefFrames":null,"PacketLength":null,"Channels":null,"SampleRate":null,"IsDefault":true,"IsForced":false,"IsHearingImpaired":false,"IsOriginal":false,"Height":null,"Width":null,"AverageFrameRate":null,"RealFrameRate":null,"ReferenceFrameRate":null,"Profile":null,"Type":2,"AspectRatio":null,"Index":2,"Score":null,"IsExternal":false,"DeliveryMethod":null,"DeliveryUrl":null,"IsExternalUrl":null,"IsTextSubtitleStream":true,"SupportsExternalStream":true,"Path":null,"PixelFormat":null,"Level":null,"IsAnamorphic":null},{"Codec":"subrip","CodecTag":null,"Language":"spa","ColorRange":null,"ColorSpace":null,"ColorTransfer":null,"ColorPrimaries":null,"DvVersionMajor":null,"DvVersionMinor":null,"DvProfile":null,"DvLevel":null,"RpuPresentFlag":null,"ElPresentFlag":null,"BlPresentFlag":null,"DvBlSignalCompatibilityId":null,"Rotation":null,"Comment":null,"TimeBase":"1/1000","CodecTimeBase":null,"Title":"Spanish","Hdr10PlusPresentFlag":null,"VideoRange":0,"VideoRangeType":0,"VideoDoViTitle":null,"AudioSpatialFormat":0,"LocalizedUndefined":"Undefined","LocalizedDefault":"Default","LocalizedForced":"Forced","LocalizedExternal":"External","LocalizedHearingImpaired":"Hearing Impaired","LocalizedLanguage":"Spanish","LocalizedOriginal":null,"DisplayTitle":"Spanish - SUBRIP","NalLengthSize":null,"IsInterlaced":false,"IsAVC":null,"ChannelLayout":null,"BitRate":null,"BitDepth":null,"RefFrames":null,"PacketLength":null,"Channels":null,"SampleRate":null,"IsDefault":false,"IsForced":false,"IsHearingImpaired":false,"IsOriginal":false,"Height":null,"Width":null,"AverageFrameRate":null,"RealFrameRate":null,"ReferenceFrameRate":null,"Profile":null,"Type":2,"AspectRatio":null,"Index":3,"Score":null,"IsExternal":false,"DeliveryMethod":null,"DeliveryUrl":null,"IsExternalUrl":null,"IsTextSubtitleStream":true,"SupportsExternalStream":true,"Path":null,"PixelFormat":null,"Level":null,"IsAnamorphic":null}],"MediaAttachments":[],"Formats":[],"Bitrate":6383555,"FallbackMaxStreamingBitrate":null,"Timestamp":null,"RequiredHttpHeaders":{},"TranscodingUrl":null,"TranscodingSubProtocol":0,"TranscodingContainer":null,"AnalyzeDurationMs":null,"DefaultAudioStreamIndex":null,"DefaultSubtitleStreamIndex":null,"HasSegments":false}

/usr/lib/jellyfin-ffmpeg/ffmpeg -analyzeduration 200M -probesize 1G -fflags +genpts  -i file:"/data/movies/Nirvanna the Band the Show the Movie (2026)/Nirvanna the Band the Show the Movie (2026).mkv" -map_metadata -1 -map_chapters -1 -threads 0 -map 0:0 -map 0:1 -map -0:s -codec:v:0 copy -tag:v:0 hvc1 -bsf:v hevc_mp4toannexb -start_at_zero -codec:a:0 libfdk_aac -ac 2 -ab 256000 -af "volume=2" -copyts -avoid_negative_ts disabled -max_muxing_queue_size 2048 -f hls -max_delay 5000000 -hls_time 6 -hls_segment_type fmp4 -hls_fmp4_init_filename "aaaf793b83108310f7ac3911e9b69a45-1.mp4" -start_number 0 -hls_segment_filename "/config/cache/transcodes/aaaf793b83108310f7ac3911e9b69a45%d.mp4" -hls_playlist_type vod -hls_list_size 0 -hls_segment_options movflags=+frag_discont+skip_sidx -y "/config/cache/transcodes/aaaf793b83108310f7ac3911e9b69a45.m3u8"


ffmpeg version 8.1.2-Jellyfin Copyright (c) 2000-2026 the FFmpeg developers
  built with gcc 15 (Ubuntu 15.2.0-16ubuntu1)
  configuration: --prefix=/usr/lib/jellyfin-ffmpeg --target-os=linux --extra-version=Jellyfin --disable-unstable --disable-doc --disable-ffplay --disable-static --disable-libxcb --disable-libxcb-shm --disable-libxcb-xfixes --disable-libxcb-shape --disable-xlib --disable-sdl2 --enable-lto=auto --enable-gpl --enable-version3 --enable-shared --enable-gmp --enable-gnutls --enable-chromaprint --enable-opencl --enable-libdrm --enable-libxml2 --enable-libass --enable-libfreetype --enable-libfribidi --enable-libfontconfig --enable-libharfbuzz --enable-libbluray --enable-libmp3lame --enable-libopus --enable-libtheora --enable-libvorbis --enable-libopenmpt --enable-libdav1d --enable-libsvtav1 --enable-libwebp --enable-libvpx --enable-libx264 --enable-libx265 --enable-libzvbi --enable-libzimg --enable-libfdk-aac --enable-libshaderc --enable-libplacebo --enable-vulkan --enable-vulkan-static --enable-vaapi --enable-ffnvcodec --enable-cuda --enable-cuda-llvm --enable-cuvid --enable-nvdec --enable-nvenc --arch=amd64 --enable-libvpl --enable-amf
  libavutil      60. 26.102 / 60. 26.102
  libavcodec     62. 28.102 / 62. 28.102
  libavformat    62. 12.102 / 62. 12.102
  libavdevice    62.  3.102 / 62.  3.102
  libavfilter    11. 14.102 / 11. 14.102
  libswscale      9.  5.102 /  9.  5.102
  libswresample   6.  3.102 /  6.  3.102
Input #0, matroska,webm, from 'file:/data/movies/Nirvanna the Band the Show the Movie (2026)/Nirvanna the Band the Show the Movie (2026).mkv':
  Metadata:
    ENCODER         : Lavf59.33.100
  Duration: 01:40:16.11, start: 0.000000, bitrate: 6383 kb/s
  Stream #0:0: Video: hevc (Main 10), yuv420p10le(tv, progressive), 3840x2160 [SAR 1:1 DAR 16:9], 23.98 fps, 23.98 tbr, 1k tbn (default)
    Metadata:
      ENCODER         : Lavc59.48.100 libx265
      DURATION        : 01:40:16.010000000
  Stream #0:1: Audio: aac (LC), 48000 Hz, 5.1, fltp (default)
    Metadata:
      ENCODER         : Lavc59.48.100 libfdk_aac
      DURATION        : 01:40:16.107000000
  Stream #0:2(eng): Subtitle: subrip (srt) (default)
    Metadata:
      title           : English
      DURATION        : 01:40:12.118000000
  Stream #0:3(spa): Subtitle: subrip (srt)
    Metadata:
      title           : Spanish
      DURATION        : 01:39:48.442000000
Stream mapping:
  Stream #0:0 -> #0:0 (copy)
  Stream #0:1 -> #0:1 (aac (native) -> aac (libfdk_aac))
Press [q] to stop, [?] for help
[hls @ 0x62a8c24487c0] Opening '/config/cache/transcodes/aaaf793b83108310f7ac3911e9b69a45-1.mp4' for writing
Output #0, hls, to '/config/cache/transcodes/aaaf793b83108310f7ac3911e9b69a45.m3u8':
  Metadata:
    encoder         : Lavf62.12.102
  Stream #0:0: Video: hevc (Main 10) (hvc1 / 0x31637668), yuv420p10le(tv, progressive), 3840x2160 [SAR 1:1 DAR 16:9], q=2-31, 23.98 fps, 23.98 tbr, 16k tbn (default)
  Stream #0:1: Audio: aac, 48000 Hz, stereo, s16, 256 kb/s (default)
    Metadata:
      encoder         : Lavc62.28.102 libfdk_aac
    Side data:
      CPB properties: bitrate max/min/avg: 256000/256000/256000 buffer size: 0 vbv_delay: N/A
[hls @ 0x62a8c24487c0] Opening '/config/cache/transcodes/aaaf793b83108310f7ac3911e9b69a450.mp4' for writing
[hls @ 0x62a8c24487c0] Opening '/config/cache/transcodes/aaaf793b83108310f7ac3911e9b69a451.mp4' for writing
[hls @ 0x62a8c24487c0] Opening '/config/cache/transcodes/aaaf793b83108310f7ac3911e9b69a452.mp4' for writing
frame=  852 fps=0.0 q=-1.0 size=N/A time=00:00:00.00 bitrate=N/A speed=   0x elapsed=0:00:00.50    
[hls @ 0x62a8c24487c0] Opening '/config/cache/transcodes/aaaf793b83108310f7ac3911e9b69a453.mp4' for writing
[hls @ 0x62a8c24487c0] Opening '/config/cache/transcodes/aaaf793b83108310f7ac3911e9b69a454.mp4' for writing
[hls @ 0x62a8c24487c0] Opening '/config/cache/transcodes/aaaf793b83108310f7ac3911e9b69a455.mp4' for writing
[hls @ 0x62a8c24487c0] Opening '/config/cache/transcodes/aaaf793b83108310f7ac3911e9b69a456.mp4' for writing
frame= 1553 fps=1553 q=-1.0 size=N/A time=00:00:29.24 bitrate=N/A speed=29.2x elapsed=0:00:01.00    
[hls @ 0x62a8c24487c0] Opening '/config/cache/transcodes/aaaf793b83108310f7ac3911e9b69a457.mp4' for writing
[hls @ 0x62a8c24487c0] Opening '/config/cache/transcodes/aaaf793b83108310f7ac3911e9b69a458.mp4' for writing
[hls @ 0x62a8c24487c0] Opening '/config/cache/transcodes/aaaf793b83108310f7ac3911e9b69a459.mp4' for writing
[hls @ 0x62a8c24487c0] Opening '/config/cache/transcodes/aaaf793b83108310f7ac3911e9b69a4510.mp4' for writing
[hls @ 0x62a8c24487c0] Opening '/config/cache/transcodes/aaaf793b83108310f7ac3911e9b69a4511.mp4' for writing
frame= 2196 fps=1464 q=-1.0 size=N/A time=00:00:56.10 bitrate=N/A speed=37.4x elapsed=0:00:01.50    
[hls @ 0x62a8c24487c0] Opening '/config/cache/transcodes/aaaf793b83108310f7ac3911e9b69a4512.mp4' for writing
[hls @ 0x62a8c24487c0] Opening '/config/cache/transcodes/aaaf793b83108310f7ac3911e9b69a4513.mp4' for writing
[hls @ 0x62a8c24487c0] Opening '/config/cache/transcodes/aaaf793b83108310f7ac3911e9b69a4514.mp4' for writing
frame= 2919 fps=1459 q=-1.0 size=N/A time=00:01:26.22 bitrate=N/A speed=43.1x elapsed=0:00:02.00    
[hls @ 0x62a8c24487c0] Opening '/config/cache/transcodes/aaaf793b83108310f7ac3911e9b69a4515.mp4' for writing
[hls @ 0x62a8c24487c0] Opening '/config/cache/transcodes/aaaf793b83108310f7ac3911e9b69a4516.mp4' for writing
[hls @ 0x62a8c24487c0] Opening '/config/cache/transcodes/aaaf793b83108310f7ac3911e9b69a4517.mp4' for writing
[hls @ 0x62a8c24487c0] Opening '/config/cache/transcodes/aaaf793b83108310f7ac3911e9b69a4518.mp4' for writing


[q] command received. Exiting.

[hls @ 0x62a8c24487c0] Opening '/config/cache/transcodes/aaaf793b83108310f7ac3911e9b69a4519.mp4' for writing
[out#0/hls @ 0x62a8c2448f40] video:86650KiB audio:4745KiB subtitle:0KiB other streams:0KiB global headers:2KiB muxing overhead: unknown
frame= 3641 fps=1441 q=-1.0 Lsize=N/A time=00:01:56.72 bitrate=N/A speed=46.2x elapsed=0:00:02.52    